 
****************************************
Report : timing
        -path full
        -delay max
        -max_paths 1
Design : MSE_Top
Version: C-2009.06-SP5
Date   : Fri Apr  4 04:07:13 2014
****************************************

Operating Conditions: slow   Library: NangateOpenCellLibrary_PDKv1_2_v2008_10
Wire Load Model Mode: top

  Startpoint: y_in[1] (input port)
  Endpoint: sum_real_reg[22]
            (rising edge-triggered flip-flop clocked by clk)
  Path Group: clk
  Path Type: max

  Point                                                   Incr       Path
  --------------------------------------------------------------------------
  clock (input port clock) (rise edge)                    0.00       0.00
  input external delay                                    0.00       0.00 f
  y_in[1] (in)                                            0.00       0.00 f
  sub_31/A[1] (MSE_Top_DW01_sub_4)                        0.00       0.00 f
  sub_31/U5/ZN (NAND2_X2)                                 0.15       0.15 r
  sub_31/U73/ZN (AND3_X4)                                 0.21       0.36 r
  sub_31/U134/ZN (NOR2_X2)                                0.04       0.40 f
  sub_31/U228/ZN (NAND2_X2)                               0.12       0.52 r
  sub_31/U227/ZN (NAND3_X2)                               0.11       0.63 f
  sub_31/U155/ZN (AOI21_X2)                               0.23       0.86 r
  sub_31/U135/ZN (XNOR2_X2)                               0.30       1.16 r
  sub_31/U100/ZN (INV_X4)                                 0.10       1.26 f
  sub_31/DIFF[12] (MSE_Top_DW01_sub_4)                    0.00       1.26 f
  mult_44/B[4] (MSE_Top_DW02_mult_1)                      0.00       1.26 f
  mult_44/U25/ZN (AND2_X2)                                0.21       1.46 f
  mult_44/U149/ZN (NAND2_X2)                              0.13       1.59 r
  mult_44/U150/ZN (INV_X4)                                0.05       1.64 f
  mult_44/S2_2_4/S (FA_X1)                                0.85       2.49 r
  mult_44/S2_3_3/CO (FA_X1)                               0.36       2.85 r
  mult_44/U125/Z (XOR2_X1)                                0.45       3.30 r
  mult_44/U126/Z (XOR2_X2)                                0.44       3.74 r
  mult_44/U133/ZN (NAND2_X1)                              0.12       3.87 f
  mult_44/U134/ZN (NAND3_X2)                              0.20       4.07 r
  mult_44/U102/Z (XOR2_X1)                                0.44       4.51 r
  mult_44/U103/Z (XOR2_X2)                                0.45       4.95 r
  mult_44/S4_1/S (FA_X1)                                  0.74       5.69 f
  mult_44/U139/ZN (AND2_X2)                               0.25       5.95 f
  mult_44/FS_1/B[7] (MSE_Top_DW01_add_15)                 0.00       5.95 f
  mult_44/FS_1/U6/ZN (OR2_X1)                             0.30       6.24 f
  mult_44/FS_1/U29/ZN (NAND3_X1)                          0.18       6.42 r
  mult_44/FS_1/U27/ZN (NAND2_X2)                          0.12       6.55 f
  mult_44/FS_1/U33/ZN (XNOR2_X2)                          0.25       6.80 r
  mult_44/FS_1/SUM[8] (MSE_Top_DW01_add_15)               0.00       6.80 r
  mult_44/PRODUCT[10] (MSE_Top_DW02_mult_1)               0.00       6.80 r
  U271/ZN (INV_X4)                                        0.06       6.86 f
  U267/ZN (OAI21_X4)                                      0.20       7.06 r
  U289/ZN (NAND2_X2)                                      0.08       7.15 f
  U449/ZN (OAI21_X2)                                      0.19       7.34 r
  U326/ZN (NAND2_X2)                                      0.07       7.42 f
  U300/ZN (NAND2_X2)                                      0.12       7.53 r
  U243/ZN (NAND2_X2)                                      0.07       7.61 f
  U304/ZN (OAI21_X4)                                      0.16       7.77 r
  U270/ZN (NAND2_X2)                                      0.09       7.86 f
  U269/ZN (NAND2_X2)                                      0.10       7.96 r
  U284/ZN (NAND2_X2)                                      0.06       8.02 f
  U305/ZN (NAND2_X2)                                      0.11       8.13 r
  U273/ZN (NAND2_X2)                                      0.06       8.19 f
  U490/ZN (XNOR2_X2)                                      0.24       8.43 f
  U247/ZN (INV_X4)                                        0.15       8.58 r
  add_0_root_sub_0_root_add_76/A[24] (MSE_Top_DW01_add_10)
                                                          0.00       8.58 r
  add_0_root_sub_0_root_add_76/U35/ZN (INV_X2)            0.06       8.64 f
  add_0_root_sub_0_root_add_76/U159/ZN (NAND2_X2)         0.08       8.72 r
  add_0_root_sub_0_root_add_76/U158/ZN (NAND3_X2)         0.08       8.80 f
  add_0_root_sub_0_root_add_76/U49/ZN (INV_X2)            0.07       8.86 r
  add_0_root_sub_0_root_add_76/U148/ZN (NAND2_X2)         0.06       8.92 f
  add_0_root_sub_0_root_add_76/U12/ZN (NAND3_X2)          0.16       9.08 r
  add_0_root_sub_0_root_add_76/U53/ZN (NAND2_X2)          0.07       9.16 f
  add_0_root_sub_0_root_add_76/U61/ZN (XNOR2_X2)          0.25       9.41 f
  add_0_root_sub_0_root_add_76/SUM[22] (MSE_Top_DW01_add_10)
                                                          0.00       9.41 f
  U310/ZN (AOI21_X4)                                      0.14       9.55 r
  U526/ZN (INV_X4)                                        0.04       9.59 f
  sum_real_reg[22]/D (DFFR_X2)                            0.00       9.59 f
  data arrival time                                                  9.59

  clock clk (rise edge)                                  10.00      10.00
  clock network delay (ideal)                             0.00      10.00
  sum_real_reg[22]/CK (DFFR_X2)                           0.00      10.00 r
  library setup time                                     -0.40       9.60
  data required time                                                 9.60
  --------------------------------------------------------------------------
  data required time                                                 9.60
  data arrival time                                                 -9.59
  --------------------------------------------------------------------------
  slack (MET)                                                        0.01


1
