Loading db file '/home/icic/Desktop/final_synthesis/NanGate_fast.db'
Information: Propagating switching activity (low effort zero delay simulation). (PWR-6)
Warning: Design has unannotated primary inputs. (PWR-414)
Warning: Design has unannotated sequential cell outputs. (PWR-415)
 
****************************************
Report : power
        -analysis_effort low
Design : MSE_Top
Version: C-2009.06-SP5
Date   : Fri Apr  4 04:08:19 2014
****************************************


Library(s) Used:

    NangateOpenCellLibrary_PDKv1_2_v2008_10 (File: /home/icic/Desktop/final_synthesis/NanGate_fast.db)


Operating Conditions: fast   Library: NangateOpenCellLibrary_PDKv1_2_v2008_10
Wire Load Model Mode: top


Global Operating Voltage = 1.25 
Power-specific unit information :
    Voltage Units = 1V
    Capacitance Units = 1.000000pf
    Time Units = 1ns
    Dynamic Power Units = 1mW    (derived from V,C,T units)
    Leakage Power Units = 1pW


  Cell Internal Power  = 251.1826 uW   (80%)
  Net Switching Power  =  64.0774 uW   (20%)
                         ---------
Total Dynamic Power    = 315.2600 uW  (100%)

Cell Leakage Power     =  57.5065 uW

1
