 
****************************************
Report : timing
        -path full
        -delay max
        -max_paths 1
Design : MSE_Top
Version: C-2009.06-SP5
Date   : Fri Apr  4 04:08:18 2014
****************************************

Operating Conditions: fast   Library: NangateOpenCellLibrary_PDKv1_2_v2008_10
Wire Load Model Mode: top

  Startpoint: y_hat_in[1]
              (input port)
  Endpoint: sum_real_reg[24]
            (rising edge-triggered flip-flop clocked by clk)
  Path Group: clk
  Path Type: max

  Point                                                   Incr       Path
  --------------------------------------------------------------------------
  clock (input port clock) (rise edge)                    0.00       0.00
  input external delay                                    0.00       0.00 r
  y_hat_in[1] (in)                                        0.00       0.00 r
  sub_31/B[1] (MSE_Top_DW01_sub_0)                        0.00       0.00 r
  sub_31/U18/ZN (INV_X4)                                  0.01       0.01 f
  sub_31/U2_1/CO (FA_X1)                                  0.08       0.09 f
  sub_31/U2_2/CO (FA_X1)                                  0.08       0.17 f
  sub_31/U2_3/CO (FA_X1)                                  0.08       0.25 f
  sub_31/U2_4/CO (FA_X1)                                  0.08       0.32 f
  sub_31/U2_5/CO (FA_X1)                                  0.08       0.40 f
  sub_31/U2_6/CO (FA_X1)                                  0.08       0.48 f
  sub_31/U2_7/CO (FA_X1)                                  0.08       0.55 f
  sub_31/U2_8/CO (FA_X1)                                  0.08       0.63 f
  sub_31/U2_9/CO (FA_X1)                                  0.08       0.71 f
  sub_31/U2_10/CO (FA_X1)                                 0.08       0.79 f
  sub_31/U2_11/CO (FA_X1)                                 0.08       0.86 f
  sub_31/U2_12/CO (FA_X1)                                 0.08       0.94 f
  sub_31/U2_13/CO (FA_X1)                                 0.08       1.02 f
  sub_31/U2_14/CO (FA_X1)                                 0.08       1.09 f
  sub_31/U2_15/S (FA_X1)                                  0.20       1.29 r
  sub_31/DIFF[15] (MSE_Top_DW01_sub_0)                    0.00       1.29 r
  mult_44/B[7] (MSE_Top_DW02_mult_1)                      0.00       1.29 r
  mult_44/U30/ZN (INV_X1)                                 0.06       1.36 f
  mult_44/U32/ZN (NOR2_X1)                                0.05       1.41 r
  mult_44/U6/Z (XOR2_X2)                                  0.06       1.47 r
  mult_44/S2_2_5/S (FA_X1)                                0.12       1.59 f
  mult_44/S2_3_4/S (FA_X1)                                0.13       1.71 r
  mult_44/S2_4_3/S (FA_X1)                                0.12       1.83 f
  mult_44/S2_5_2/S (FA_X1)                                0.13       1.96 r
  mult_44/S2_6_1/S (FA_X1)                                0.12       2.07 f
  mult_44/S4_0/S (FA_X1)                                  0.14       2.21 r
  mult_44/S14_7_0/CO (FA_X1)                              0.07       2.28 r
  mult_44/FS_1/B[6] (MSE_Top_DW01_add_2)                  0.00       2.28 r
  mult_44/FS_1/U9/ZN (INV_X4)                             0.01       2.28 f
  mult_44/FS_1/U39/ZN (NOR2_X1)                           0.04       2.32 r
  mult_44/FS_1/U16/ZN (AOI21_X1)                          0.04       2.36 f
  mult_44/FS_1/SUM[6] (MSE_Top_DW01_add_2)                0.00       2.36 f
  mult_44/PRODUCT[8] (MSE_Top_DW02_mult_1)                0.00       2.36 f
  U272/ZN (INV_X4)                                        0.02       2.38 r
  sub_1_root_sub_0_root_add_76/U2_8/S (FA_X1)             0.13       2.50 f
  add_0_root_sub_0_root_add_76/A[8] (MSE_Top_DW01_add_0)
                                                          0.00       2.50 f
  add_0_root_sub_0_root_add_76/U1_8/CO (FA_X1)            0.09       2.59 f
  add_0_root_sub_0_root_add_76/U1_9/CO (FA_X1)            0.08       2.67 f
  add_0_root_sub_0_root_add_76/U1_10/CO (FA_X1)           0.08       2.74 f
  add_0_root_sub_0_root_add_76/U1_11/CO (FA_X1)           0.08       2.82 f
  add_0_root_sub_0_root_add_76/U1_12/CO (FA_X1)           0.08       2.90 f
  add_0_root_sub_0_root_add_76/U1_13/CO (FA_X1)           0.08       2.98 f
  add_0_root_sub_0_root_add_76/U1_14/CO (FA_X1)           0.08       3.05 f
  add_0_root_sub_0_root_add_76/U1_15/CO (FA_X1)           0.08       3.13 f
  add_0_root_sub_0_root_add_76/U1_16/CO (FA_X1)           0.08       3.21 f
  add_0_root_sub_0_root_add_76/U1_17/CO (FA_X1)           0.08       3.28 f
  add_0_root_sub_0_root_add_76/U1_18/CO (FA_X1)           0.08       3.36 f
  add_0_root_sub_0_root_add_76/U1_19/CO (FA_X1)           0.08       3.44 f
  add_0_root_sub_0_root_add_76/U1_20/CO (FA_X1)           0.08       3.52 f
  add_0_root_sub_0_root_add_76/U1_21/CO (FA_X1)           0.08       3.59 f
  add_0_root_sub_0_root_add_76/U1_22/CO (FA_X1)           0.08       3.67 f
  add_0_root_sub_0_root_add_76/U1_23/CO (FA_X1)           0.08       3.75 f
  add_0_root_sub_0_root_add_76/U1_24/S (FA_X1)            0.12       3.87 r
  add_0_root_sub_0_root_add_76/SUM[24] (MSE_Top_DW01_add_0)
                                                          0.00       3.87 r
  U111/ZN (AOI22_X2)                                      0.03       3.89 f
  U307/ZN (INV_X4)                                        0.01       3.91 r
  sum_real_reg[24]/D (DFFR_X2)                            0.00       3.91 r
  data arrival time                                                  3.91

  clock clk (rise edge)                                  10.00      10.00
  clock network delay (ideal)                             0.00      10.00
  sum_real_reg[24]/CK (DFFR_X2)                           0.00      10.00 r
  library setup time                                     -0.05       9.95
  data required time                                                 9.95
  --------------------------------------------------------------------------
  data required time                                                 9.95
  data arrival time                                                 -3.91
  --------------------------------------------------------------------------
  slack (MET)                                                        6.04


1
