
Started : "Synthesize - XST".
Running xst...
Command Line: xst -intstyle ise -ifn "/home/ise/stage2/mse_phase2/MSE_Top.xst" -ofn "/home/ise/stage2/mse_phase2/MSE_Top.syr"
Reading design: MSE_Top.prj

=========================================================================
*                          HDL Parsing                                  *
=========================================================================
Analyzing Verilog file "/home/ise/stage2/mse_phase2/mse_top.v" into library work
Parsing module <MSE_Top>.

=========================================================================
*                            HDL Elaboration                            *
=========================================================================

Elaborating module <MSE_Top>.
WARNING:HDLCompiler:413 - "/home/ise/stage2/mse_phase2/mse_top.v" Line 82: Result of 4-bit expression is truncated to fit in 3-bit target.

=========================================================================
*                           HDL Synthesis                               *
=========================================================================

Synthesizing Unit <MSE_Top>.
    Related source file is "/home/ise/stage2/mse_phase2/mse_top.v".
        NUM_INPUTS = 8
        LOG2_NUM_INPUTS = 3
    Found 3-bit register for signal <counter>.
    Found 3-bit register for signal <state>.
    Found 25-bit register for signal <sum_real>.
    Found 25-bit register for signal <sum_imag>.
    Found 25-bit register for signal <mse_real>.
    Found 25-bit register for signal <mse_imag>.
    Found 1-bit register for signal <done>.
    Found finite state machine <FSM_0> for signal <state>.
    -----------------------------------------------------------------------
    | States             | 4                                              |
    | Transitions        | 7                                              |
    | Inputs             | 3                                              |
    | Outputs            | 4                                              |
    | Clock              | clk (rising_edge)                              |
    | Reset              | reset (positive)                               |
    | Reset type         | asynchronous                                   |
    | Reset State        | 000                                            |
    | Encoding           | auto                                           |
    | Implementation     | LUT                                            |
    -----------------------------------------------------------------------
    Found 16-bit subtractor for signal <diff_result> created at line 31.
    Found 17-bit subtractor for signal <product_real> created at line 48.
    Found 23-bit subtractor for signal <sum_imag[24]_GND_1_o_sub_23_OUT> created at line 89.
    Found 25-bit adder for signal <sum_real[24]_product_real[16]_add_12_OUT> created at line 76.
    Found 25-bit adder for signal <sum_imag[24]_product_imag[16]_add_13_OUT> created at line 77.
Found 3-bit adder for signal <counter[2]_GND_1_o_add_15_OUT> created at line 82.
    Found 8x8-bit multiplier for signal <dr_dr> created at line 43.
    Found 8x8-bit multiplier for signal <di_di> created at line 44.
    Found 8x8-bit multiplier for signal <dr_di> created at line 45.
    Summary:
	inferred   3 Multiplier(s).
	inferred   6 Adder/Subtractor(s).
	inferred 104 D-type flip-flop(s).
	inferred   3 Multiplexer(s).
	inferred   1 Finite State Machine(s).
Unit <MSE_Top> synthesized.

=========================================================================
    HDL Synthesis Report

Macro Statistics
# Multipliers                                          : 3
 8x8-bit multiplier                                    : 3
# Adders/Subtractors                                   : 6
 16-bit subtractor                                     : 1
 17-bit subtractor                                     : 1
 23-bit subtractor                                     : 1
 25-bit adder                                          : 2
 3-bit adder                                           : 1
# Registers                                            : 6
 1-bit register                                        : 1
 25-bit register                                       : 4
 3-bit register                                        : 1
# Multiplexers                                         : 3
 25-bit 2-to-1 multiplexer                             : 2
 3-bit 2-to-1 multiplexer                              : 1
# FSMs                                                 : 1

=========================================================================

=========================================================================
*                       Advanced HDL Synthesis                          *
=========================================================================


Synthesizing (advanced) Unit <MSE_Top>.
The following registers are absorbed into accumulator <sum_real>: 1 register on signal <sum_real>.
The following registers are absorbed into accumulator <sum_imag>: 1 register on signal <sum_imag>.
The following registers are absorbed into counter <counter>: 1 register on signal <counter>.
	Multiplier <Mmult_di_di> in block <MSE_Top> and adder/subtractor <Msub_product_real> in block <MSE_Top> are combined into a MAC<Maddsub_di_di>.
Unit <MSE_Top> synthesized (advanced).

=========================================================================
Advanced HDL Synthesis Report

Macro Statistics
# MACs                                                 : 1
 8x8-to-17-bit MAC                                     : 1
# Multipliers                                          : 2
 8x8-bit multiplier                                    : 2
# Adders/Subtractors                                   : 2
 16-bit subtractor                                     : 1
 23-bit subtractor                                     : 1
# Counters                                             : 1
 3-bit up counter                                      : 1
# Accumulators                                         : 2
 25-bit up loadable accumulator                        : 2
# Registers                                            : 51
 Flip-Flops                                            : 51
# FSMs                                                 : 1

=========================================================================

=========================================================================
*                         Low Level Synthesis                           *
=========================================================================
INFO:Xst:2261 - The FF/Latch <mse_real_21> in Unit <MSE_Top> is equivalent to the following 3 FFs/Latches, which will be removed : <mse_real_22> <mse_real_23> <mse_real_24> 
INFO:Xst:2261 - The FF/Latch <mse_imag_22> in Unit <MSE_Top> is equivalent to the following 2 FFs/Latches, which will be removed : <mse_imag_23> <mse_imag_24> 
Analyzing FSM <MFsm> for best encoding.
Optimizing FSM <FSM_0> on signal <state[1:2]> with gray encoding.
-------------------
 State | Encoding
-------------------
 000   | 00
 001   | 01
 010   | 11
 011   | 10
-------------------
WARNING:Xst:2677 - Node <sum_imag_0> of sequential type is unconnected in block <MSE_Top>.

Optimizing unit <MSE_Top> ...

Mapping all equations...
Building and optimizing final netlist ...
Found area constraint ratio of 100 (+ 5) on block MSE_Top, actual ratio is 3.
FlipFlop state_FSM_FFd1 has been replicated 3 time(s)
FlipFlop state_FSM_FFd2 has been replicated 4 time(s)

Final Macro Processing ...

=========================================================================
Final Register Report

Macro Statistics
# Registers                                            : 107
 Flip-Flops                                            : 107

=========================================================================

=========================================================================
*                           Partition Report                            *
=========================================================================

Partition Implementation Status
-------------------------------

  No Partitions were found in this design.

-------------------------------

=========================================================================
*                            Design Summary                             *
=========================================================================

Clock Information:
------------------
-----------------------------------+------------------------+-------+
Clock Signal                       | Clock buffer(FF name)  | Load  |
-----------------------------------+------------------------+-------+
clk                                | BUFGP                  | 107   |
-----------------------------------+------------------------+-------+

Asynchronous Control Signals Information:
----------------------------------------
No asynchronous control signals found in this design

Timing Summary:
---------------
Speed Grade: -3

   Minimum period: 3.665ns (Maximum Frequency: 272.837MHz)
   Minimum input arrival time before clock: 13.319ns
   Maximum output required time after clock: 3.732ns
   Maximum combinational path delay: No path found

=========================================================================

Process "Synthesize - XST" completed successfully
