Loading db file '/home/icic/Desktop/final_synthesis/NanGate_typical.db'
Information: Propagating switching activity (low effort zero delay simulation). (PWR-6)
Warning: Design has unannotated primary inputs. (PWR-414)
Warning: Design has unannotated sequential cell outputs. (PWR-415)
 
****************************************
Report : power
        -analysis_effort low
Design : MSE_Top
Version: C-2009.06-SP5
Date   : Fri Apr  4 04:05:12 2014
****************************************


Library(s) Used:

    NangateOpenCellLibrary_PDKv1_2_v2008_10 (File: /home/icic/Desktop/final_synthesis/NanGate_typical.db)


Operating Conditions: typical   Library: NangateOpenCellLibrary_PDKv1_2_v2008_10
Wire Load Model Mode: top


Global Operating Voltage = 1.1  
Power-specific unit information :
    Voltage Units = 1V
    Capacitance Units = 1.000000pf
    Time Units = 1ns
    Dynamic Power Units = 1mW    (derived from V,C,T units)
    Leakage Power Units = 1pW


  Cell Internal Power  = 185.6649 uW   (79%)
  Net Switching Power  =  48.7618 uW   (21%)
                         ---------
Total Dynamic Power    = 234.4267 uW  (100%)

Cell Leakage Power     =  17.1547 uW

1
