 
****************************************
Report : qor
Design : MSE_Top
Version: C-2009.06-SP5
Date   : Fri Apr  4 04:05:12 2014
****************************************


  Timing Path Group 'clk'
  -----------------------------------
  Levels of Logic:              51.00
  Critical Path Length:          6.96
  Critical Path Slack:           2.95
  Critical Path Clk Period:     10.00
  Total Negative Slack:          0.00
  No. of Violating Paths:        0.00
  Worst Hold Violation:          0.00
  Total Hold Violation:          0.00
  No. of Hold Violations:        0.00
  -----------------------------------


  Cell Count
  -----------------------------------
  Hierarchical Cell Count:         10
  Hierarchical Port Count:        479
  Leaf Cell Count:               1084
  Buf/Inv Cell Count:             208
  CT Buf/Inv Cell Count:            0
  -----------------------------------


  Area
  -----------------------------------
  Combinational Area:     1686.972018
  Noncombinational Area:   592.115996
  Net Area:                  0.000000
  -----------------------------------
  Cell Area:              2279.088015
  Design Area:            2279.088015


  Design Rules
  -----------------------------------
  Total Number of Nets:          1360
  Nets With Violations:             0
  -----------------------------------


  Hostname: ICICVM.lab.edu

  Compile CPU Statistics
  -----------------------------------
  Resource Sharing:              0.66
  Logic Optimization:            0.22
  Mapping Optimization:          0.88
  -----------------------------------
  Overall Compile Time:          2.17

1
