 
****************************************
Report : timing
        -path full
        -delay max
        -max_paths 1
Design : MSE_Top
Version: C-2009.06-SP5
Date   : Fri Apr  4 04:05:12 2014
****************************************

Operating Conditions: typical   Library: NangateOpenCellLibrary_PDKv1_2_v2008_10
Wire Load Model Mode: top

  Startpoint: y_hat_in[1]
              (input port)
  Endpoint: sum_real_reg[24]
            (rising edge-triggered flip-flop clocked by clk)
  Path Group: clk
  Path Type: max

  Point                                                   Incr       Path
  --------------------------------------------------------------------------
  clock (input port clock) (rise edge)                    0.00       0.00
  input external delay                                    0.00       0.00 r
  y_hat_in[1] (in)                                        0.00       0.00 r
  sub_31/B[1] (MSE_Top_DW01_sub_0)                        0.00       0.00 r
  sub_31/U18/ZN (INV_X4)                                  0.01       0.01 f
  sub_31/U2_1/CO (FA_X1)                                  0.16       0.16 f
  sub_31/U2_2/CO (FA_X1)                                  0.14       0.30 f
  sub_31/U2_3/CO (FA_X1)                                  0.14       0.44 f
  sub_31/U2_4/CO (FA_X1)                                  0.14       0.58 f
  sub_31/U2_5/CO (FA_X1)                                  0.14       0.72 f
  sub_31/U2_6/CO (FA_X1)                                  0.14       0.86 f
  sub_31/U2_7/CO (FA_X1)                                  0.14       1.01 f
  sub_31/U2_8/CO (FA_X1)                                  0.14       1.15 f
  sub_31/U2_9/CO (FA_X1)                                  0.14       1.29 f
  sub_31/U2_10/CO (FA_X1)                                 0.14       1.43 f
  sub_31/U2_11/CO (FA_X1)                                 0.14       1.57 f
  sub_31/U2_12/CO (FA_X1)                                 0.14       1.71 f
  sub_31/U2_13/CO (FA_X1)                                 0.14       1.85 f
  sub_31/U2_14/CO (FA_X1)                                 0.14       1.99 f
  sub_31/U2_15/S (FA_X1)                                  0.35       2.34 r
  sub_31/DIFF[15] (MSE_Top_DW01_sub_0)                    0.00       2.34 r
  mult_44/B[7] (MSE_Top_DW02_mult_1)                      0.00       2.34 r
  mult_44/U30/ZN (INV_X1)                                 0.10       2.43 f
  mult_44/U32/ZN (NOR2_X1)                                0.10       2.53 r
  mult_44/U3/Z (XOR2_X2)                                  0.11       2.64 r
  mult_44/S2_2_5/S (FA_X1)                                0.20       2.85 f
  mult_44/S2_3_4/S (FA_X1)                                0.22       3.07 r
  mult_44/S2_4_3/S (FA_X1)                                0.20       3.27 f
  mult_44/S2_5_2/S (FA_X1)                                0.22       3.49 r
  mult_44/S2_6_1/S (FA_X1)                                0.20       3.69 f
  mult_44/S4_0/S (FA_X1)                                  0.19       3.88 f
  mult_44/S14_7_0/CO (FA_X1)                              0.14       4.01 f
  mult_44/FS_1/B[6] (MSE_Top_DW01_add_2)                  0.00       4.01 f
  mult_44/FS_1/U9/ZN (INV_X4)                             0.02       4.04 r
  mult_44/FS_1/U39/ZN (NOR2_X1)                           0.03       4.07 f
  mult_44/FS_1/U16/ZN (AOI21_X1)                          0.11       4.18 r
  mult_44/FS_1/SUM[6] (MSE_Top_DW01_add_2)                0.00       4.18 r
  mult_44/PRODUCT[8] (MSE_Top_DW02_mult_1)                0.00       4.18 r
  U306/ZN (INV_X4)                                        0.02       4.20 f
  sub_1_root_sub_0_root_add_76/U2_8/CO (FA_X1)            0.16       4.36 f
  sub_1_root_sub_0_root_add_76/U2_9/CO (FA_X1)            0.14       4.50 f
  sub_1_root_sub_0_root_add_76/U2_10/CO (FA_X1)           0.14       4.64 f
  sub_1_root_sub_0_root_add_76/U2_11/CO (FA_X1)           0.14       4.78 f
  sub_1_root_sub_0_root_add_76/U2_12/CO (FA_X1)           0.14       4.92 f
  sub_1_root_sub_0_root_add_76/U2_13/CO (FA_X1)           0.14       5.06 f
  sub_1_root_sub_0_root_add_76/U2_14/CO (FA_X1)           0.14       5.20 f
  U314/ZN (AOI222_X1)                                     0.20       5.40 r
  U295/Z (XOR2_X2)                                        0.05       5.45 f
  U247/Z (BUF_X4)                                         0.10       5.55 f
  add_0_root_sub_0_root_add_76/A[16] (MSE_Top_DW01_add_0)
                                                          0.00       5.55 f
  add_0_root_sub_0_root_add_76/U1_16/CO (FA_X1)           0.16       5.71 f
  add_0_root_sub_0_root_add_76/U1_17/CO (FA_X1)           0.14       5.85 f
  add_0_root_sub_0_root_add_76/U1_18/CO (FA_X1)           0.14       5.99 f
  add_0_root_sub_0_root_add_76/U1_19/CO (FA_X1)           0.14       6.13 f
  add_0_root_sub_0_root_add_76/U1_20/CO (FA_X1)           0.14       6.27 f
  add_0_root_sub_0_root_add_76/U1_21/CO (FA_X1)           0.14       6.41 f
  add_0_root_sub_0_root_add_76/U1_22/CO (FA_X1)           0.14       6.55 f
  add_0_root_sub_0_root_add_76/U1_23/CO (FA_X1)           0.14       6.69 f
  add_0_root_sub_0_root_add_76/U1_24/S (FA_X1)            0.16       6.85 f
  add_0_root_sub_0_root_add_76/SUM[24] (MSE_Top_DW01_add_0)
                                                          0.00       6.85 f
  U111/ZN (AOI22_X2)                                      0.10       6.95 r
  U341/ZN (INV_X4)                                        0.01       6.96 f
  sum_real_reg[24]/D (DFFR_X2)                            0.00       6.96 f
  data arrival time                                                  6.96

  clock clk (rise edge)                                  10.00      10.00
  clock network delay (ideal)                             0.00      10.00
  sum_real_reg[24]/CK (DFFR_X2)                           0.00      10.00 r
  library setup time                                     -0.09       9.91
  data required time                                                 9.91
  --------------------------------------------------------------------------
  data required time                                                 9.91
  data arrival time                                                 -6.96
  --------------------------------------------------------------------------
  slack (MET)                                                        2.95


1
